1,103
2,141
3,177
4,211
5,243
6,273
7,301
8,327
9,351
10,373
11,393
12,411
13,427
14,441
15,453
16,463
17,471
18,477
19,481
20,483
