1,850
2,720
3,510
4,360
5,50
6,50
7,70
8,360
9,510
10,720
11,850
12,960
13,1088
14,1178
15,1258
16,1328
17,1388
18,1438
19,1478
20,1508
21,2102
22,2102
23,1000
24,1007
25,1013
26,1018
27,1022
28,1025
29,1027
30,1028
