1,764
2,721
3,684
4,289
5,570
6,721
7,493
8,150
9,150
10,150
11,260
12,260
13,721
14,713
15,703
16,691
17,678
18,664
19,648
20,630
