1,2
2,8
3,10
4,11
5,100
6,1996
7,1886
8,903
9,905
10,906
11,2010
12,2008
13,2003
14,2003
15,2004
16,2003
17,2004
18,2005
19,2010
20,2005
21,2006
22,2007
23,2008
24,2009
25,2010
26,2011
