1,0
2,0
3,0
4,0
5,1050
6,1000
7,900
8,850
9,750
10,700
11,600
12,550
13,0
14,0
15,450
16,400
17,300
18,200
19,150
20,50
