1,800
2,710
3,630
4,560
5,500
6,450
7,410
8,380
9,360
10,130
11,120
12,125
13,140
14,350
15,345
16,335
17,320
18,300
19,275
20,245
