2,6
4,5
6,3
8,20
10,19
12,17
14,14
16,26
18,25
20,23
