1,47046
2,47158
3,47200
4,47236
5,50831
6,50911
7,50923
8,50927
9,50933
10,358
11,410
12,460
13,506
14,550
15,592
16,612
17,669
18,705
19,739
20,771
21,80
22,138
23,250
24,460
25,771
26,1219
27,2051
28,3587
29,6403
30,11523
