1,40
2,42
3,43
4,9
5,9
6,9
7,22
8,22
9,16
10,16
11,15
12,17
13,22
14,140
15,140
16,113
17,106
18,106
19,129
20,106
21,125
22,119
23,113
24,111
25,125
26,125
27,129
28,135
29,140
30,141
