1,94
2,81
3,81
4,65
5,30
6,16
7,48
8,81
9,118
10,140
11,160
12,178
13,194
14,208
15,220
16,235
17,243
18,249
19,253
20,255
