1,39
2,78
3,102
4,3
5,4
6,5
7,135
8,155
9,173
10,189
11,10
12,11
13,12
14,210
15,222
16,232
17,240
18,246
19,250
20,252
