1,2
2,2
3,12
4,12
5,17
6,25
7,25
8,25
9,26
10,100
11,2008
12,2008
13,2005
14,2003
15,2005
16,2003
17,2004
18,2005
19,2010
20,2005
21,2006
22,2007
23,2008
24,2009
25,2010
26,2011
