1,100
2,206
3,312
4,418
5,524
6,630
7,736
8,842
9,948
10,1054
11,1160
12,1266
13,1372
14,1478
15,1584
16,1690
17,1796
18,1903
19,2007
20,2057
