1,211
2,194
3,177
4,161
5,146
6,132
7,119
8,107
9,96
10,86
11,77
12,69
13,62
14,56
15,51
16,47
17,44
18,42
19,40
20,41
