1,100
2,201
3,508
4,1517
5,202
6,403
7,406
8,506
9,401
10,602
11,605
12,609
13,1000
14,1000
15,1000
16,1000
17,1000
18,1000
19,1000
20,1000
21,2100
22,3050
23,4025
24,5012
25,6006
26,7003
27,8002
28,9001
29,10000
30,11000
