1,1
2,3
3,6
4,112
5,7
6,9
7,12
8,222
9,113
10,115
11,118
12,122
13,112
14,112
15,1508
16,500
17,501
18,500
19,502
20,500
21,503
22,500
23,504
24,500
25,505
26,500
27,506
28,500
29,507
30,500
31,508
