1,10719
2,116
3,1
4,6
5,16
6,216
7,416
8,716
9,10001
10,10003
