1,20
2,135
3,35
4,25
5,120
6,40
7,45
8,50
9,55
10,60
11,65
12,70
13,75
14,80
15,85
16,90
17,95
18,100
19,105
20,110
