1,200
2,0
3,300
4,501
5,400
6,813
7,400
8,400
9,400
10,612
11,607
12,603
13,2500
14,1000
15,1000
16,1000
17,1000
18,1000
19,1000
20,1000
21,3000
22,4500
23,5000
24,6500
25,7000
26,8500
27,9000
28,10500
29,11000
30,11000
