1,20
2,210
3,191
4,173
5,156
6,140
7,125
8,111
9,98
10,86
11,75
12,65
13,56
14,48
15,41
16,35
17,30
18,26
19,23
20,21
