1,2
2,4
3,7
4,11
5,100
6,1996
7,996
8,901
9,903
10,906
